panic: runtime error: invalid memory address or nil pointer dereference
[signal SIGSEGV: segmentation violation code=0x1 addr=0x270 pc=0xb4fc76]

goroutine 1 [running]:
github.com/tickstep/aliyunpan/internal/command.parseDriveId(0xc00012c160, 0x2, 0xc0000b5a40)
	/Users/tickstep/Documents/Workspace/go/projects/aliyunpan/internal/command/command.go:70 +0x36
github.com/tickstep/aliyunpan/internal/command.CmdUpload.func1(0xc00012c160, 0x14f2fa0, 0xc0000e4cf0)
	/Users/tickstep/Documents/Workspace/go/projects/aliyunpan/internal/command/upload.go:196 +0x1d9
github.com/urfave/cli.HandleAction(0xbec8a0, 0xe501b8, 0xc00012c160, 0xc00012c160, 0x0)
	/Users/tickstep/Applications/go/pkg/mod/github.com/urfave/cli@v1.21.1-0.20190817182405-23c83030263f/app.go:523 +0x105
github.com/urfave/cli.Command.Run(0xcf295d, 0x6, 0x0, 0x0, 0xc000142000, 0x1, 0x1, 0xcfcbbd, 0x13, 0xc00068e0e0, ...)
	/Users/tickstep/Applications/go/pkg/mod/github.com/urfave/cli@v1.21.1-0.20190817182405-23c83030263f/command.go:174 +0x579
github.com/urfave/cli.(*App).Run(0xc00008c000, 0xc0000300a0, 0x5, 0x5, 0x0, 0x0)
	/Users/tickstep/Applications/go/pkg/mod/github.com/urfave/cli@v1.21.1-0.20190817182405-23c83030263f/app.go:276 +0x7e8
main.main()
	/Users/tickstep/Documents/Workspace/go/projects/aliyunpan/main.go:634 +0x1587
panic: runtime error: invalid memory address or nil pointer dereference
[signal SIGSEGV: segmentation violation code=0x1 addr=0x270 pc=0xb4fc76]

goroutine 1 [running]:
github.com/tickstep/aliyunpan/internal/command.parseDriveId(0xc00013a420, 0x2, 0xc0002909c0)
	/Users/tickstep/Documents/Workspace/go/projects/aliyunpan/internal/command/command.go:70 +0x36
github.com/tickstep/aliyunpan/internal/command.CmdUpload.func1(0xc00013a420, 0x14f2fa0, 0xc0003bc1b0)
	/Users/tickstep/Documents/Workspace/go/projects/aliyunpan/internal/command/upload.go:196 +0x1d9
github.com/urfave/cli.HandleAction(0xbec8a0, 0xe501b8, 0xc00013a420, 0xc00013a420, 0x0)
	/Users/tickstep/Applications/go/pkg/mod/github.com/urfave/cli@v1.21.1-0.20190817182405-23c83030263f/app.go:523 +0x105
github.com/urfave/cli.Command.Run(0xcf295d, 0x6, 0x0, 0x0, 0xc0003b7040, 0x1, 0x1, 0xcfcbbd, 0x13, 0xc00039ed20, ...)
	/Users/tickstep/Applications/go/pkg/mod/github.com/urfave/cli@v1.21.1-0.20190817182405-23c83030263f/command.go:174 +0x579
github.com/urfave/cli.(*App).Run(0xc0003c2000, 0xc0000300a0, 0x5, 0x5, 0x0, 0x0)
	/Users/tickstep/Applications/go/pkg/mod/github.com/urfave/cli@v1.21.1-0.20190817182405-23c83030263f/app.go:276 +0x7e8
main.main()
	/Users/tickstep/Documents/Workspace/go/projects/aliyunpan/main.go:634 +0x1587
panic: runtime error: invalid memory address or nil pointer dereference
[signal SIGSEGV: segmentation violation code=0x1 addr=0x270 pc=0xb4fc76]

goroutine 1 [running]:
github.com/tickstep/aliyunpan/internal/command.parseDriveId(0xc000138160, 0x2, 0xc0000a1d40)
	/Users/tickstep/Documents/Workspace/go/projects/aliyunpan/internal/command/command.go:70 +0x36
github.com/tickstep/aliyunpan/internal/command.CmdUpload.func1(0xc000138160, 0x14f2fa0, 0xc000184bd0)
	/Users/tickstep/Documents/Workspace/go/projects/aliyunpan/internal/command/upload.go:196 +0x1d9
github.com/urfave/cli.HandleAction(0xbec8a0, 0xe501b8, 0xc000138160, 0xc000138160, 0x0)
	/Users/tickstep/Applications/go/pkg/mod/github.com/urfave/cli@v1.21.1-0.20190817182405-23c83030263f/app.go:523 +0x105
github.com/urfave/cli.Command.Run(0xcf295d, 0x6, 0x0, 0x0, 0xc00006a5e0, 0x1, 0x1, 0xcfcbbd, 0x13, 0xc0004e2230, ...)
	/Users/tickstep/Applications/go/pkg/mod/github.com/urfave/cli@v1.21.1-0.20190817182405-23c83030263f/command.go:174 +0x579
github.com/urfave/cli.(*App).Run(0xc000126000, 0xc0000a6000, 0x5, 0x5, 0x0, 0x0)
	/Users/tickstep/Applications/go/pkg/mod/github.com/urfave/cli@v1.21.1-0.20190817182405-23c83030263f/app.go:276 +0x7e8
main.main()
	/Users/tickstep/Documents/Workspace/go/projects/aliyunpan/main.go:634 +0x1587
panic: runtime error: invalid memory address or nil pointer dereference
[signal SIGSEGV: segmentation violation code=0x1 addr=0x270 pc=0xb4fc76]

goroutine 1 [running]:
github.com/tickstep/aliyunpan/internal/command.parseDriveId(0xc00034a420, 0x2, 0xc00039c960)
	/Users/tickstep/Documents/Workspace/go/projects/aliyunpan/internal/command/command.go:70 +0x36
github.com/tickstep/aliyunpan/internal/command.CmdUpload.func1(0xc00034a420, 0x14f2fa0, 0xc00032b3b0)
	/Users/tickstep/Documents/Workspace/go/projects/aliyunpan/internal/command/upload.go:196 +0x1d9
github.com/urfave/cli.HandleAction(0xbec8a0, 0xe501b8, 0xc00034a420, 0xc00034a420, 0x0)
	/Users/tickstep/Applications/go/pkg/mod/github.com/urfave/cli@v1.21.1-0.20190817182405-23c83030263f/app.go:523 +0x105
github.com/urfave/cli.Command.Run(0xcf295d, 0x6, 0x0, 0x0, 0xc0000a12f0, 0x1, 0x1, 0xcfcbbd, 0x13, 0xc0000b0e00, ...)
	/Users/tickstep/Applications/go/pkg/mod/github.com/urfave/cli@v1.21.1-0.20190817182405-23c83030263f/command.go:174 +0x579
github.com/urfave/cli.(*App).Run(0xc0000bc000, 0xc0000300a0, 0x5, 0x5, 0x0, 0x0)
	/Users/tickstep/Applications/go/pkg/mod/github.com/urfave/cli@v1.21.1-0.20190817182405-23c83030263f/app.go:276 +0x7e8
main.main()
	/Users/tickstep/Documents/Workspace/go/projects/aliyunpan/main.go:634 +0x1587
panic: runtime error: invalid memory address or nil pointer dereference
[signal SIGSEGV: segmentation violation code=0x1 addr=0x270 pc=0xb4fc76]

goroutine 1 [running]:
github.com/tickstep/aliyunpan/internal/command.parseDriveId(0xc00016a6e0, 0x2, 0xc0002e38c0)
	/Users/tickstep/Documents/Workspace/go/projects/aliyunpan/internal/command/command.go:70 +0x36
github.com/tickstep/aliyunpan/internal/command.CmdUpload.func1(0xc00016a6e0, 0x14f2fa0, 0xc0002ac630)
	/Users/tickstep/Documents/Workspace/go/projects/aliyunpan/internal/command/upload.go:196 +0x1d9
github.com/urfave/cli.HandleAction(0xbec8a0, 0xe501b8, 0xc00016a6e0, 0xc00016a6e0, 0x0)
	/Users/tickstep/Applications/go/pkg/mod/github.com/urfave/cli@v1.21.1-0.20190817182405-23c83030263f/app.go:523 +0x105
github.com/urfave/cli.Command.Run(0xcf295d, 0x6, 0x0, 0x0, 0xc0002f3510, 0x1, 0x1, 0xcfcbbd, 0x13, 0xc0002c7810, ...)
	/Users/tickstep/Applications/go/pkg/mod/github.com/urfave/cli@v1.21.1-0.20190817182405-23c83030263f/command.go:174 +0x579
github.com/urfave/cli.(*App).Run(0xc00057c380, 0xc0000ca000, 0x5, 0x5, 0x0, 0x0)
	/Users/tickstep/Applications/go/pkg/mod/github.com/urfave/cli@v1.21.1-0.20190817182405-23c83030263f/app.go:276 +0x7e8
main.main()
	/Users/tickstep/Documents/Workspace/go/projects/aliyunpan/main.go:634 +0x1587
panic: runtime error: invalid memory address or nil pointer dereference
[signal SIGSEGV: segmentation violation code=0x1 addr=0x270 pc=0xb4fc76]

goroutine 1 [running]:
github.com/tickstep/aliyunpan/internal/command.parseDriveId(0xc0003d2420, 0x2, 0xc0006989c0)
	/Users/tickstep/Documents/Workspace/go/projects/aliyunpan/internal/command/command.go:70 +0x36
github.com/tickstep/aliyunpan/internal/command.CmdUpload.func1(0xc0003d2420, 0x14f2fa0, 0xc0003b3830)
	/Users/tickstep/Documents/Workspace/go/projects/aliyunpan/internal/command/upload.go:196 +0x1d9
github.com/urfave/cli.HandleAction(0xbec8a0, 0xe501b8, 0xc0003d2420, 0xc0003d2420, 0x0)
	/Users/tickstep/Applications/go/pkg/mod/github.com/urfave/cli@v1.21.1-0.20190817182405-23c83030263f/app.go:523 +0x105
github.com/urfave/cli.Command.Run(0xcf295d, 0x6, 0x0, 0x0, 0xc000199040, 0x1, 0x1, 0xcfcbbd, 0x13, 0xc0003fad20, ...)
	/Users/tickstep/Applications/go/pkg/mod/github.com/urfave/cli@v1.21.1-0.20190817182405-23c83030263f/command.go:174 +0x579
github.com/urfave/cli.(*App).Run(0xc0001b0000, 0xc0000300a0, 0x5, 0x5, 0x0, 0x0)
	/Users/tickstep/Applications/go/pkg/mod/github.com/urfave/cli@v1.21.1-0.20190817182405-23c83030263f/app.go:276 +0x7e8
main.main()
	/Users/tickstep/Documents/Workspace/go/projects/aliyunpan/main.go:634 +0x1587
panic: runtime error: invalid memory address or nil pointer dereference
[signal SIGSEGV: segmentation violation code=0x1 addr=0x270 pc=0xb4fc76]

goroutine 1 [running]:
github.com/tickstep/aliyunpan/internal/command.parseDriveId(0xc0000b0160, 0x2, 0xc0000d9980)
	/Users/tickstep/Documents/Workspace/go/projects/aliyunpan/internal/command/command.go:70 +0x36
github.com/tickstep/aliyunpan/internal/command.CmdUpload.func1(0xc0000b0160, 0x14f2fa0, 0xc00027c2d0)
	/Users/tickstep/Documents/Workspace/go/projects/aliyunpan/internal/command/upload.go:196 +0x1d9
github.com/urfave/cli.HandleAction(0xbec8a0, 0xe501b8, 0xc0000b0160, 0xc0000b0160, 0x0)
	/Users/tickstep/Applications/go/pkg/mod/github.com/urfave/cli@v1.21.1-0.20190817182405-23c83030263f/app.go:523 +0x105
github.com/urfave/cli.Command.Run(0xcf295d, 0x6, 0x0, 0x0, 0xc000563ff0, 0x1, 0x1, 0xcfcbbd, 0x13, 0xc0000ba150, ...)
	/Users/tickstep/Applications/go/pkg/mod/github.com/urfave/cli@v1.21.1-0.20190817182405-23c83030263f/command.go:174 +0x579
github.com/urfave/cli.(*App).Run(0xc0001fa000, 0xc0000300a0, 0x5, 0x5, 0x0, 0x0)
	/Users/tickstep/Applications/go/pkg/mod/github.com/urfave/cli@v1.21.1-0.20190817182405-23c83030263f/app.go:276 +0x7e8
main.main()
	/Users/tickstep/Documents/Workspace/go/projects/aliyunpan/main.go:634 +0x1587
panic: runtime error: invalid memory address or nil pointer dereference
[signal SIGSEGV: segmentation violation code=0x1 addr=0x270 pc=0xb4fc76]

goroutine 1 [running]:
github.com/tickstep/aliyunpan/internal/command.parseDriveId(0xc000196420, 0x2, 0xc00057cba0)
	/Users/tickstep/Documents/Workspace/go/projects/aliyunpan/internal/command/command.go:70 +0x36
github.com/tickstep/aliyunpan/internal/command.CmdUpload.func1(0xc000196420, 0x14f2fa0, 0xc00013bb90)
	/Users/tickstep/Documents/Workspace/go/projects/aliyunpan/internal/command/upload.go:196 +0x1d9
github.com/urfave/cli.HandleAction(0xbec8a0, 0xe501b8, 0xc000196420, 0xc000196420, 0x0)
	/Users/tickstep/Applications/go/pkg/mod/github.com/urfave/cli@v1.21.1-0.20190817182405-23c83030263f/app.go:523 +0x105
github.com/urfave/cli.Command.Run(0xcf295d, 0x6, 0x0, 0x0, 0xc00035abb0, 0x1, 0x1, 0xcfcbbd, 0x13, 0xc0001f2d20, ...)
	/Users/tickstep/Applications/go/pkg/mod/github.com/urfave/cli@v1.21.1-0.20190817182405-23c83030263f/command.go:174 +0x579
github.com/urfave/cli.(*App).Run(0xc000498000, 0xc0000300a0, 0x5, 0x5, 0x0, 0x0)
	/Users/tickstep/Applications/go/pkg/mod/github.com/urfave/cli@v1.21.1-0.20190817182405-23c83030263f/app.go:276 +0x7e8
main.main()
	/Users/tickstep/Documents/Workspace/go/projects/aliyunpan/main.go:634 +0x1587
panic: runtime error: invalid memory address or nil pointer dereference
[signal SIGSEGV: segmentation violation code=0x1 addr=0x270 pc=0xb4fc76]

goroutine 1 [running]:
github.com/tickstep/aliyunpan/internal/command.parseDriveId(0xc00014c160, 0x2, 0xc00012f980)
	/Users/tickstep/Documents/Workspace/go/projects/aliyunpan/internal/command/command.go:70 +0x36
github.com/tickstep/aliyunpan/internal/command.CmdUpload.func1(0xc00014c160, 0x14f2fa0, 0xc0000e4ab0)
	/Users/tickstep/Documents/Workspace/go/projects/aliyunpan/internal/command/upload.go:196 +0x1d9
github.com/urfave/cli.HandleAction(0xbec8a0, 0xe501b8, 0xc00014c160, 0xc00014c160, 0x0)
	/Users/tickstep/Applications/go/pkg/mod/github.com/urfave/cli@v1.21.1-0.20190817182405-23c83030263f/app.go:523 +0x105
github.com/urfave/cli.Command.Run(0xcf295d, 0x6, 0x0, 0x0, 0xc00008fe60, 0x1, 0x1, 0xcfcbbd, 0x13, 0xc000110150, ...)
	/Users/tickstep/Applications/go/pkg/mod/github.com/urfave/cli@v1.21.1-0.20190817182405-23c83030263f/command.go:174 +0x579
github.com/urfave/cli.(*App).Run(0xc000170000, 0xc0000300a0, 0x5, 0x5, 0x0, 0x0)
	/Users/tickstep/Applications/go/pkg/mod/github.com/urfave/cli@v1.21.1-0.20190817182405-23c83030263f/app.go:276 +0x7e8
main.main()
	/Users/tickstep/Documents/Workspace/go/projects/aliyunpan/main.go:634 +0x1587
panic: runtime error: invalid memory address or nil pointer dereference
[signal SIGSEGV: segmentation violation code=0x1 addr=0x270 pc=0xb4fc76]

goroutine 1 [running]:
github.com/tickstep/aliyunpan/internal/command.parseDriveId(0xc000336420, 0x2, 0xc000915ec0)
	/Users/tickstep/Documents/Workspace/go/projects/aliyunpan/internal/command/command.go:70 +0x36
github.com/tickstep/aliyunpan/internal/command.CmdUpload.func1(0xc000336420, 0x14f2fa0, 0xc0001fa990)
	/Users/tickstep/Documents/Workspace/go/projects/aliyunpan/internal/command/upload.go:196 +0x1d9
github.com/urfave/cli.HandleAction(0xbec8a0, 0xe501b8, 0xc000336420, 0xc000336420, 0x0)
	/Users/tickstep/Applications/go/pkg/mod/github.com/urfave/cli@v1.21.1-0.20190817182405-23c83030263f/app.go:523 +0x105
github.com/urfave/cli.Command.Run(0xcf295d, 0x6, 0x0, 0x0, 0xc0000df540, 0x1, 0x1, 0xcfcbbd, 0x13, 0xc00035cbd0, ...)
	/Users/tickstep/Applications/go/pkg/mod/github.com/urfave/cli@v1.21.1-0.20190817182405-23c83030263f/command.go:174 +0x579
github.com/urfave/cli.(*App).Run(0xc00036e000, 0xc00009a050, 0x5, 0x5, 0x0, 0x0)
	/Users/tickstep/Applications/go/pkg/mod/github.com/urfave/cli@v1.21.1-0.20190817182405-23c83030263f/app.go:276 +0x7e8
main.main()
	/Users/tickstep/Documents/Workspace/go/projects/aliyunpan/main.go:634 +0x1587
panic: runtime error: invalid memory address or nil pointer dereference
[signal SIGSEGV: segmentation violation code=0x1 addr=0x270 pc=0xb4fc76]

goroutine 1 [running]:
github.com/tickstep/aliyunpan/internal/command.parseDriveId(0xc000132420, 0x2, 0xc0000a47e0)
	/Users/tickstep/Documents/Workspace/go/projects/aliyunpan/internal/command/command.go:70 +0x36
github.com/tickstep/aliyunpan/internal/command.CmdUpload.func1(0xc000132420, 0x14f2fa0, 0xc00037b830)
	/Users/tickstep/Documents/Workspace/go/projects/aliyunpan/internal/command/upload.go:196 +0x1d9
github.com/urfave/cli.HandleAction(0xbec8a0, 0xe501b8, 0xc000132420, 0xc000132420, 0x0)
	/Users/tickstep/Applications/go/pkg/mod/github.com/urfave/cli@v1.21.1-0.20190817182405-23c83030263f/app.go:523 +0x105
github.com/urfave/cli.Command.Run(0xcf295d, 0x6, 0x0, 0x0, 0xc0003608a0, 0x1, 0x1, 0xcfcbbd, 0x13, 0xc0001ded20, ...)
	/Users/tickstep/Applications/go/pkg/mod/github.com/urfave/cli@v1.21.1-0.20190817182405-23c83030263f/command.go:174 +0x579
github.com/urfave/cli.(*App).Run(0xc000402000, 0xc0000300a0, 0x5, 0x5, 0x0, 0x0)
	/Users/tickstep/Applications/go/pkg/mod/github.com/urfave/cli@v1.21.1-0.20190817182405-23c83030263f/app.go:276 +0x7e8
main.main()
	/Users/tickstep/Documents/Workspace/go/projects/aliyunpan/main.go:634 +0x1587
panic: runtime error: invalid memory address or nil pointer dereference
[signal SIGSEGV: segmentation violation code=0x1 addr=0x270 pc=0xb4fc76]

goroutine 1 [running]:
github.com/tickstep/aliyunpan/internal/command.parseDriveId(0xc000180160, 0x2, 0xc000101920)
	/Users/tickstep/Documents/Workspace/go/projects/aliyunpan/internal/command/command.go:70 +0x36
github.com/tickstep/aliyunpan/internal/command.CmdUpload.func1(0xc000180160, 0x14f2fa0, 0xc0004d01b0)
	/Users/tickstep/Documents/Workspace/go/projects/aliyunpan/internal/command/upload.go:196 +0x1d9
github.com/urfave/cli.HandleAction(0xbec8a0, 0xe501b8, 0xc000180160, 0xc000180160, 0x0)
	/Users/tickstep/Applications/go/pkg/mod/github.com/urfave/cli@v1.21.1-0.20190817182405-23c83030263f/app.go:523 +0x105
github.com/urfave/cli.Command.Run(0xcf295d, 0x6, 0x0, 0x0, 0xc000697520, 0x1, 0x1, 0xcfcbbd, 0x13, 0xc00056a150, ...)
	/Users/tickstep/Applications/go/pkg/mod/github.com/urfave/cli@v1.21.1-0.20190817182405-23c83030263f/command.go:174 +0x579
github.com/urfave/cli.(*App).Run(0xc000126000, 0xc0000300a0, 0x5, 0x5, 0x0, 0x0)
	/Users/tickstep/Applications/go/pkg/mod/github.com/urfave/cli@v1.21.1-0.20190817182405-23c83030263f/app.go:276 +0x7e8
main.main()
	/Users/tickstep/Documents/Workspace/go/projects/aliyunpan/main.go:634 +0x1587
panic: runtime error: invalid memory address or nil pointer dereference
[signal SIGSEGV: segmentation violation code=0x1 addr=0x270 pc=0xb4fc76]

goroutine 1 [running]:
github.com/tickstep/aliyunpan/internal/command.parseDriveId(0xc0008d6420, 0x2, 0xc000563ec0)
	/Users/tickstep/Documents/Workspace/go/projects/aliyunpan/internal/command/command.go:70 +0x36
github.com/tickstep/aliyunpan/internal/command.CmdUpload.func1(0xc0008d6420, 0x14f2fa0, 0xc0008ace10)
	/Users/tickstep/Documents/Workspace/go/projects/aliyunpan/internal/command/upload.go:196 +0x1d9
github.com/urfave/cli.HandleAction(0xbec8a0, 0xe501b8, 0xc0008d6420, 0xc0008d6420, 0x0)
	/Users/tickstep/Applications/go/pkg/mod/github.com/urfave/cli@v1.21.1-0.20190817182405-23c83030263f/app.go:523 +0x105
github.com/urfave/cli.Command.Run(0xcf295d, 0x6, 0x0, 0x0, 0xc0001c4c20, 0x1, 0x1, 0xcfcbbd, 0x13, 0xc000016c40, ...)
	/Users/tickstep/Applications/go/pkg/mod/github.com/urfave/cli@v1.21.1-0.20190817182405-23c83030263f/command.go:174 +0x579
github.com/urfave/cli.(*App).Run(0xc0000b6000, 0xc0000300a0, 0x5, 0x5, 0x0, 0x0)
	/Users/tickstep/Applications/go/pkg/mod/github.com/urfave/cli@v1.21.1-0.20190817182405-23c83030263f/app.go:276 +0x7e8
main.main()
	/Users/tickstep/Documents/Workspace/go/projects/aliyunpan/main.go:634 +0x1587
panic: runtime error: invalid memory address or nil pointer dereference
[signal SIGSEGV: segmentation violation code=0x1 addr=0x270 pc=0xb4fc76]

goroutine 1 [running]:
github.com/tickstep/aliyunpan/internal/command.parseDriveId(0xc0000c6160, 0x2, 0xc0005ad980)
	/Users/tickstep/Documents/Workspace/go/projects/aliyunpan/internal/command/command.go:70 +0x36
github.com/tickstep/aliyunpan/internal/command.CmdUpload.func1(0xc0000c6160, 0x14f2fa0, 0xc000468510)
	/Users/tickstep/Documents/Workspace/go/projects/aliyunpan/internal/command/upload.go:196 +0x1d9
github.com/urfave/cli.HandleAction(0xbec8a0, 0xe501b8, 0xc0000c6160, 0xc0000c6160, 0x0)
	/Users/tickstep/Applications/go/pkg/mod/github.com/urfave/cli@v1.21.1-0.20190817182405-23c83030263f/app.go:523 +0x105
github.com/urfave/cli.Command.Run(0xcf295d, 0x6, 0x0, 0x0, 0xc00061d520, 0x1, 0x1, 0xcfcbbd, 0x13, 0xc00058e150, ...)
	/Users/tickstep/Applications/go/pkg/mod/github.com/urfave/cli@v1.21.1-0.20190817182405-23c83030263f/command.go:174 +0x579
github.com/urfave/cli.(*App).Run(0xc0000b4000, 0xc0000300a0, 0x5, 0x5, 0x0, 0x0)
	/Users/tickstep/Applications/go/pkg/mod/github.com/urfave/cli@v1.21.1-0.20190817182405-23c83030263f/app.go:276 +0x7e8
main.main()
	/Users/tickstep/Documents/Workspace/go/projects/aliyunpan/main.go:634 +0x1587
panic: runtime error: invalid memory address or nil pointer dereference
[signal SIGSEGV: segmentation violation code=0x1 addr=0x270 pc=0xb4fc76]

goroutine 1 [running]:
github.com/tickstep/aliyunpan/internal/command.parseDriveId(0xc00017c6e0, 0x2, 0xc0000b3860)
	/Users/tickstep/Documents/Workspace/go/projects/aliyunpan/internal/command/command.go:70 +0x36
github.com/tickstep/aliyunpan/internal/command.CmdUpload.func1(0xc00017c6e0, 0x14f2fa0, 0xc0002e0870)
	/Users/tickstep/Documents/Workspace/go/projects/aliyunpan/internal/command/upload.go:196 +0x1d9
github.com/urfave/cli.HandleAction(0xbec8a0, 0xe501b8, 0xc00017c6e0, 0xc00017c6e0, 0x0)
	/Users/tickstep/Applications/go/pkg/mod/github.com/urfave/cli@v1.21.1-0.20190817182405-23c83030263f/app.go:523 +0x105
github.com/urfave/cli.Command.Run(0xcf295d, 0x6, 0x0, 0x0, 0xc0003494d0, 0x1, 0x1, 0xcfcbbd, 0x13, 0xc00031f810, ...)
	/Users/tickstep/Applications/go/pkg/mod/github.com/urfave/cli@v1.21.1-0.20190817182405-23c83030263f/command.go:174 +0x579
github.com/urfave/cli.(*App).Run(0xc0000f8380, 0xc00018c000, 0x5, 0x5, 0x0, 0x0)
	/Users/tickstep/Applications/go/pkg/mod/github.com/urfave/cli@v1.21.1-0.20190817182405-23c83030263f/app.go:276 +0x7e8
main.main()
	/Users/tickstep/Documents/Workspace/go/projects/aliyunpan/main.go:634 +0x1587
panic: runtime error: invalid memory address or nil pointer dereference
[signal SIGSEGV: segmentation violation code=0x1 addr=0x270 pc=0xb4fc76]

goroutine 1 [running]:
github.com/tickstep/aliyunpan/internal/command.parseDriveId(0xc000376420, 0x2, 0xc0004f4180)
	/Users/tickstep/Documents/Workspace/go/projects/aliyunpan/internal/command/command.go:70 +0x36
github.com/tickstep/aliyunpan/internal/command.CmdUpload.func1(0xc000376420, 0x14f2fa0, 0xc000330870)
	/Users/tickstep/Documents/Workspace/go/projects/aliyunpan/internal/command/upload.go:196 +0x1d9
github.com/urfave/cli.HandleAction(0xbec8a0, 0xe501b8, 0xc000376420, 0xc000376420, 0x0)
	/Users/tickstep/Applications/go/pkg/mod/github.com/urfave/cli@v1.21.1-0.20190817182405-23c83030263f/app.go:523 +0x105
github.com/urfave/cli.Command.Run(0xcf295d, 0x6, 0x0, 0x0, 0xc0002b6080, 0x1, 0x1, 0xcfcbbd, 0x13, 0xc000122bd0, ...)
	/Users/tickstep/Applications/go/pkg/mod/github.com/urfave/cli@v1.21.1-0.20190817182405-23c83030263f/command.go:174 +0x579
github.com/urfave/cli.(*App).Run(0xc00014a000, 0xc0000300a0, 0x5, 0x5, 0x0, 0x0)
	/Users/tickstep/Applications/go/pkg/mod/github.com/urfave/cli@v1.21.1-0.20190817182405-23c83030263f/app.go:276 +0x7e8
main.main()
	/Users/tickstep/Documents/Workspace/go/projects/aliyunpan/main.go:634 +0x1587
panic: runtime error: invalid memory address or nil pointer dereference
[signal SIGSEGV: segmentation violation code=0x1 addr=0x270 pc=0xb4fc76]

goroutine 1 [running]:
github.com/tickstep/aliyunpan/internal/command.parseDriveId(0xc0000a0160, 0x2, 0xc000079da0)
	/Users/tickstep/Documents/Workspace/go/projects/aliyunpan/internal/command/command.go:70 +0x36
github.com/tickstep/aliyunpan/internal/command.CmdUpload.func1(0xc0000a0160, 0x14f2fa0, 0xc00015c990)
	/Users/tickstep/Documents/Workspace/go/projects/aliyunpan/internal/command/upload.go:196 +0x1d9
github.com/urfave/cli.HandleAction(0xbec8a0, 0xe501b8, 0xc0000a0160, 0xc0000a0160, 0x0)
	/Users/tickstep/Applications/go/pkg/mod/github.com/urfave/cli@v1.21.1-0.20190817182405-23c83030263f/app.go:523 +0x105
github.com/urfave/cli.Command.Run(0xcf295d, 0x6, 0x0, 0x0, 0xc000501960, 0x1, 0x1, 0xcfcbbd, 0x13, 0xc0000ac150, ...)
	/Users/tickstep/Applications/go/pkg/mod/github.com/urfave/cli@v1.21.1-0.20190817182405-23c83030263f/command.go:174 +0x579
github.com/urfave/cli.(*App).Run(0xc00001a000, 0xc0000300a0, 0x5, 0x5, 0x0, 0x0)
	/Users/tickstep/Applications/go/pkg/mod/github.com/urfave/cli@v1.21.1-0.20190817182405-23c83030263f/app.go:276 +0x7e8
main.main()
	/Users/tickstep/Documents/Workspace/go/projects/aliyunpan/main.go:634 +0x1587
panic: runtime error: invalid memory address or nil pointer dereference
[signal SIGSEGV: segmentation violation code=0x1 addr=0x270 pc=0xb4fc76]

goroutine 1 [running]:
github.com/tickstep/aliyunpan/internal/command.parseDriveId(0xc0000c6160, 0x2, 0xc00057d740)
	/Users/tickstep/Documents/Workspace/go/projects/aliyunpan/internal/command/command.go:70 +0x36
github.com/tickstep/aliyunpan/internal/command.CmdUpload.func1(0xc0000c6160, 0x14f2fa0, 0xc00015c990)
	/Users/tickstep/Documents/Workspace/go/projects/aliyunpan/internal/command/upload.go:196 +0x1d9
github.com/urfave/cli.HandleAction(0xbec8a0, 0xe501b8, 0xc0000c6160, 0xc0000c6160, 0x0)
	/Users/tickstep/Applications/go/pkg/mod/github.com/urfave/cli@v1.21.1-0.20190817182405-23c83030263f/app.go:523 +0x105
github.com/urfave/cli.Command.Run(0xcf295d, 0x6, 0x0, 0x0, 0xc0004460c0, 0x1, 0x1, 0xcfcbbd, 0x13, 0xc0005320e0, ...)
	/Users/tickstep/Applications/go/pkg/mod/github.com/urfave/cli@v1.21.1-0.20190817182405-23c83030263f/command.go:174 +0x579
github.com/urfave/cli.(*App).Run(0xc0000b4000, 0xc0000300a0, 0x5, 0x5, 0x0, 0x0)
	/Users/tickstep/Applications/go/pkg/mod/github.com/urfave/cli@v1.21.1-0.20190817182405-23c83030263f/app.go:276 +0x7e8
main.main()
	/Users/tickstep/Documents/Workspace/go/projects/aliyunpan/main.go:634 +0x1587
panic: runtime error: invalid memory address or nil pointer dereference
[signal SIGSEGV: segmentation violation code=0x1 addr=0x270 pc=0xb4fc76]

goroutine 1 [running]:
github.com/tickstep/aliyunpan/internal/command.parseDriveId(0xc00001a160, 0x2, 0xc0000c7d40)
	/Users/tickstep/Documents/Workspace/go/projects/aliyunpan/internal/command/command.go:70 +0x36
github.com/tickstep/aliyunpan/internal/command.CmdUpload.func1(0xc00001a160, 0x14f2fa0, 0xc000194ab0)
	/Users/tickstep/Documents/Workspace/go/projects/aliyunpan/internal/command/upload.go:196 +0x1d9
github.com/urfave/cli.HandleAction(0xbec8a0, 0xe501b8, 0xc00001a160, 0xc00001a160, 0x0)
	/Users/tickstep/Applications/go/pkg/mod/github.com/urfave/cli@v1.21.1-0.20190817182405-23c83030263f/app.go:523 +0x105
github.com/urfave/cli.Command.Run(0xcf295d, 0x6, 0x0, 0x0, 0xc000353520, 0x1, 0x1, 0xcfcbbd, 0x13, 0xc0005bc150, ...)
	/Users/tickstep/Applications/go/pkg/mod/github.com/urfave/cli@v1.21.1-0.20190817182405-23c83030263f/command.go:174 +0x579
github.com/urfave/cli.(*App).Run(0xc00007e000, 0xc0000ca000, 0x5, 0x5, 0x0, 0x0)
	/Users/tickstep/Applications/go/pkg/mod/github.com/urfave/cli@v1.21.1-0.20190817182405-23c83030263f/app.go:276 +0x7e8
main.main()
	/Users/tickstep/Documents/Workspace/go/projects/aliyunpan/main.go:634 +0x1587
panic: runtime error: invalid memory address or nil pointer dereference
[signal SIGSEGV: segmentation violation code=0x1 addr=0x270 pc=0xb4fc76]

goroutine 1 [running]:
github.com/tickstep/aliyunpan/internal/command.parseDriveId(0xc00016c420, 0x2, 0xc00063e960)
	/Users/tickstep/Documents/Workspace/go/projects/aliyunpan/internal/command/command.go:70 +0x36
github.com/tickstep/aliyunpan/internal/command.CmdUpload.func1(0xc00016c420, 0x14f2fa0, 0xc000139830)
	/Users/tickstep/Documents/Workspace/go/projects/aliyunpan/internal/command/upload.go:196 +0x1d9
github.com/urfave/cli.HandleAction(0xbec8a0, 0xe501b8, 0xc00016c420, 0xc00016c420, 0x0)
	/Users/tickstep/Applications/go/pkg/mod/github.com/urfave/cli@v1.21.1-0.20190817182405-23c83030263f/app.go:523 +0x105
github.com/urfave/cli.Command.Run(0xcf295d, 0x6, 0x0, 0x0, 0xc00030ea40, 0x1, 0x1, 0xcfcbbd, 0x13, 0xc0001e4d20, ...)
	/Users/tickstep/Applications/go/pkg/mod/github.com/urfave/cli@v1.21.1-0.20190817182405-23c83030263f/command.go:174 +0x579
github.com/urfave/cli.(*App).Run(0xc000416000, 0xc0000ca000, 0x5, 0x5, 0x0, 0x0)
	/Users/tickstep/Applications/go/pkg/mod/github.com/urfave/cli@v1.21.1-0.20190817182405-23c83030263f/app.go:276 +0x7e8
main.main()
	/Users/tickstep/Documents/Workspace/go/projects/aliyunpan/main.go:634 +0x1587
panic: runtime error: invalid memory address or nil pointer dereference
[signal SIGSEGV: segmentation violation code=0x1 addr=0x270 pc=0xb4fc76]

goroutine 1 [running]:
github.com/tickstep/aliyunpan/internal/command.parseDriveId(0xc0001b8420, 0x2, 0xc00010e660)
	/Users/tickstep/Documents/Workspace/go/projects/aliyunpan/internal/command/command.go:70 +0x36
github.com/tickstep/aliyunpan/internal/command.CmdUpload.func1(0xc0001b8420, 0x14f2fa0, 0xc00037f830)
	/Users/tickstep/Documents/Workspace/go/projects/aliyunpan/internal/command/upload.go:196 +0x1d9
github.com/urfave/cli.HandleAction(0xbec8a0, 0xe501b8, 0xc0001b8420, 0xc0001b8420, 0x0)
	/Users/tickstep/Applications/go/pkg/mod/github.com/urfave/cli@v1.21.1-0.20190817182405-23c83030263f/app.go:523 +0x105
github.com/urfave/cli.Command.Run(0xcf295d, 0x6, 0x0, 0x0, 0xc000486940, 0x1, 0x1, 0xcfcbbd, 0x13, 0xc000302d20, ...)
	/Users/tickstep/Applications/go/pkg/mod/github.com/urfave/cli@v1.21.1-0.20190817182405-23c83030263f/command.go:174 +0x579
github.com/urfave/cli.(*App).Run(0xc00048e000, 0xc0000300a0, 0x5, 0x5, 0x0, 0x0)
	/Users/tickstep/Applications/go/pkg/mod/github.com/urfave/cli@v1.21.1-0.20190817182405-23c83030263f/app.go:276 +0x7e8
main.main()
	/Users/tickstep/Documents/Workspace/go/projects/aliyunpan/main.go:634 +0x1587
panic: runtime error: invalid memory address or nil pointer dereference
[signal SIGSEGV: segmentation violation code=0x1 addr=0x270 pc=0xb4fc76]

goroutine 1 [running]:
github.com/tickstep/aliyunpan/internal/command.parseDriveId(0xc000102160, 0x2, 0xc000573a40)
	/Users/tickstep/Documents/Workspace/go/projects/aliyunpan/internal/command/command.go:70 +0x36
github.com/tickstep/aliyunpan/internal/command.CmdUpload.func1(0xc000102160, 0x14f2fa0, 0xc0002863f0)
	/Users/tickstep/Documents/Workspace/go/projects/aliyunpan/internal/command/upload.go:196 +0x1d9
github.com/urfave/cli.HandleAction(0xbec8a0, 0xe501b8, 0xc000102160, 0xc000102160, 0x0)
	/Users/tickstep/Applications/go/pkg/mod/github.com/urfave/cli@v1.21.1-0.20190817182405-23c83030263f/app.go:523 +0x105
github.com/urfave/cli.Command.Run(0xcf295d, 0x6, 0x0, 0x0, 0xc000443d00, 0x1, 0x1, 0xcfcbbd, 0x13, 0xc000554150, ...)
	/Users/tickstep/Applications/go/pkg/mod/github.com/urfave/cli@v1.21.1-0.20190817182405-23c83030263f/command.go:174 +0x579
github.com/urfave/cli.(*App).Run(0xc00001c000, 0xc0000300a0, 0x5, 0x5, 0x0, 0x0)
	/Users/tickstep/Applications/go/pkg/mod/github.com/urfave/cli@v1.21.1-0.20190817182405-23c83030263f/app.go:276 +0x7e8
main.main()
	/Users/tickstep/Documents/Workspace/go/projects/aliyunpan/main.go:634 +0x1587
panic: runtime error: invalid memory address or nil pointer dereference
[signal SIGSEGV: segmentation violation code=0x1 addr=0x270 pc=0xb4fc76]

goroutine 1 [running]:
github.com/tickstep/aliyunpan/internal/command.parseDriveId(0xc0004b4160, 0x2, 0xc0000cf920)
	/Users/tickstep/Documents/Workspace/go/projects/aliyunpan/internal/command/command.go:70 +0x36
github.com/tickstep/aliyunpan/internal/command.CmdUpload.func1(0xc0004b4160, 0x14f2fa0, 0xc00026e510)
	/Users/tickstep/Documents/Workspace/go/projects/aliyunpan/internal/command/upload.go:196 +0x1d9
github.com/urfave/cli.HandleAction(0xbec8a0, 0xe501b8, 0xc0004b4160, 0xc0004b4160, 0x0)
	/Users/tickstep/Applications/go/pkg/mod/github.com/urfave/cli@v1.21.1-0.20190817182405-23c83030263f/app.go:523 +0x105
github.com/urfave/cli.Command.Run(0xcf295d, 0x6, 0x0, 0x0, 0xc00048fa30, 0x1, 0x1, 0xcfcbbd, 0x13, 0xc0000b0150, ...)
	/Users/tickstep/Applications/go/pkg/mod/github.com/urfave/cli@v1.21.1-0.20190817182405-23c83030263f/command.go:174 +0x579
github.com/urfave/cli.(*App).Run(0xc0004a2000, 0xc0000300a0, 0x5, 0x5, 0x0, 0x0)
	/Users/tickstep/Applications/go/pkg/mod/github.com/urfave/cli@v1.21.1-0.20190817182405-23c83030263f/app.go:276 +0x7e8
main.main()
	/Users/tickstep/Documents/Workspace/go/projects/aliyunpan/main.go:634 +0x1587
panic: runtime error: invalid memory address or nil pointer dereference
[signal SIGSEGV: segmentation violation code=0x1 addr=0x270 pc=0xb4fc76]

goroutine 1 [running]:
github.com/tickstep/aliyunpan/internal/command.parseDriveId(0xc000594160, 0x2, 0xc0000797a0)
	/Users/tickstep/Documents/Workspace/go/projects/aliyunpan/internal/command/command.go:70 +0x36
github.com/tickstep/aliyunpan/internal/command.CmdUpload.func1(0xc000594160, 0x14f2fa0, 0xc00044a090)
	/Users/tickstep/Documents/Workspace/go/projects/aliyunpan/internal/command/upload.go:196 +0x1d9
github.com/urfave/cli.HandleAction(0xbec8a0, 0xe501b8, 0xc000594160, 0xc000594160, 0x0)
	/Users/tickstep/Applications/go/pkg/mod/github.com/urfave/cli@v1.21.1-0.20190817182405-23c83030263f/app.go:523 +0x105
github.com/urfave/cli.Command.Run(0xcf295d, 0x6, 0x0, 0x0, 0xc0004600d0, 0x1, 0x1, 0xcfcbbd, 0x13, 0xc0006360e0, ...)
	/Users/tickstep/Applications/go/pkg/mod/github.com/urfave/cli@v1.21.1-0.20190817182405-23c83030263f/command.go:174 +0x579
github.com/urfave/cli.(*App).Run(0xc000582000, 0xc00010c000, 0x5, 0x5, 0x0, 0x0)
	/Users/tickstep/Applications/go/pkg/mod/github.com/urfave/cli@v1.21.1-0.20190817182405-23c83030263f/app.go:276 +0x7e8
main.main()
	/Users/tickstep/Documents/Workspace/go/projects/aliyunpan/main.go:634 +0x1587
panic: runtime error: invalid memory address or nil pointer dereference
[signal SIGSEGV: segmentation violation code=0x1 addr=0x270 pc=0xb4fc76]

goroutine 1 [running]:
github.com/tickstep/aliyunpan/internal/command.parseDriveId(0xc0003f2420, 0x2, 0xc00038eba0)
	/Users/tickstep/Documents/Workspace/go/projects/aliyunpan/internal/command/command.go:70 +0x36
github.com/tickstep/aliyunpan/internal/command.CmdUpload.func1(0xc0003f2420, 0x14f2fa0, 0xc0003d1710)
	/Users/tickstep/Documents/Workspace/go/projects/aliyunpan/internal/command/upload.go:196 +0x1d9
github.com/urfave/cli.HandleAction(0xbec8a0, 0xe501b8, 0xc0003f2420, 0xc0003f2420, 0x0)
	/Users/tickstep/Applications/go/pkg/mod/github.com/urfave/cli@v1.21.1-0.20190817182405-23c83030263f/app.go:523 +0x105
github.com/urfave/cli.Command.Run(0xcf295d, 0x6, 0x0, 0x0, 0xc0001d2a40, 0x1, 0x1, 0xcfcbbd, 0x13, 0xc000180d20, ...)
	/Users/tickstep/Applications/go/pkg/mod/github.com/urfave/cli@v1.21.1-0.20190817182405-23c83030263f/command.go:174 +0x579
github.com/urfave/cli.(*App).Run(0xc0001ec000, 0xc0000300a0, 0x5, 0x5, 0x0, 0x0)
	/Users/tickstep/Applications/go/pkg/mod/github.com/urfave/cli@v1.21.1-0.20190817182405-23c83030263f/app.go:276 +0x7e8
main.main()
	/Users/tickstep/Documents/Workspace/go/projects/aliyunpan/main.go:634 +0x1587
panic: runtime error: invalid memory address or nil pointer dereference
[signal SIGSEGV: segmentation violation code=0x1 addr=0x270 pc=0xb4fc76]

goroutine 1 [running]:
github.com/tickstep/aliyunpan/internal/command.parseDriveId(0xc0001f26e0, 0x2, 0xc00035f8c0)
	/Users/tickstep/Documents/Workspace/go/projects/aliyunpan/internal/command/command.go:70 +0x36
github.com/tickstep/aliyunpan/internal/command.CmdUpload.func1(0xc0001f26e0, 0x14f2fa0, 0xc0003582d0)
	/Users/tickstep/Documents/Workspace/go/projects/aliyunpan/internal/command/upload.go:196 +0x1d9
github.com/urfave/cli.HandleAction(0xbec8a0, 0xe501b8, 0xc0001f26e0, 0xc0001f26e0, 0x0)
	/Users/tickstep/Applications/go/pkg/mod/github.com/urfave/cli@v1.21.1-0.20190817182405-23c83030263f/app.go:523 +0x105
github.com/urfave/cli.Command.Run(0xcf295d, 0x6, 0x0, 0x0, 0xc00036f510, 0x1, 0x1, 0xcfcbbd, 0x13, 0xc00033d810, ...)
	/Users/tickstep/Applications/go/pkg/mod/github.com/urfave/cli@v1.21.1-0.20190817182405-23c83030263f/command.go:174 +0x579
github.com/urfave/cli.(*App).Run(0xc00013e380, 0xc00010c000, 0x5, 0x5, 0x0, 0x0)
	/Users/tickstep/Applications/go/pkg/mod/github.com/urfave/cli@v1.21.1-0.20190817182405-23c83030263f/app.go:276 +0x7e8
main.main()
	/Users/tickstep/Documents/Workspace/go/projects/aliyunpan/main.go:634 +0x1587
panic: runtime error: invalid memory address or nil pointer dereference
[signal SIGSEGV: segmentation violation code=0x1 addr=0x270 pc=0xb4fc76]

goroutine 1 [running]:
github.com/tickstep/aliyunpan/internal/command.parseDriveId(0xc00007a160, 0x2, 0xc000079980)
	/Users/tickstep/Documents/Workspace/go/projects/aliyunpan/internal/command/command.go:70 +0x36
github.com/tickstep/aliyunpan/internal/command.CmdUpload.func1(0xc00007a160, 0x14f2fa0, 0xc000114870)
	/Users/tickstep/Documents/Workspace/go/projects/aliyunpan/internal/command/upload.go:196 +0x1d9
github.com/urfave/cli.HandleAction(0xbec8a0, 0xe501b8, 0xc00007a160, 0xc00007a160, 0x0)
	/Users/tickstep/Applications/go/pkg/mod/github.com/urfave/cli@v1.21.1-0.20190817182405-23c83030263f/app.go:523 +0x105
github.com/urfave/cli.Command.Run(0xcf295d, 0x6, 0x0, 0x0, 0xc0004ce7b0, 0x1, 0x1, 0xcfcbbd, 0x13, 0xc0006b20e0, ...)
	/Users/tickstep/Applications/go/pkg/mod/github.com/urfave/cli@v1.21.1-0.20190817182405-23c83030263f/command.go:174 +0x579
github.com/urfave/cli.(*App).Run(0xc00007e000, 0xc0000ca000, 0x5, 0x5, 0x0, 0x0)
	/Users/tickstep/Applications/go/pkg/mod/github.com/urfave/cli@v1.21.1-0.20190817182405-23c83030263f/app.go:276 +0x7e8
main.main()
	/Users/tickstep/Documents/Workspace/go/projects/aliyunpan/main.go:634 +0x1587
